******************************************************************************
                  TI ARM Linker Unix v20.2.5                   
******************************************************************************
>> Linked Tue Nov  9 16:30:45 2021

OUTPUT FILE NAME:   <461_lab4_a.out>
ENTRY POINT SYMBOL: "_c_int00_noargs"  address: 000030cd


MEMORY CONFIGURATION

         name            origin    length      used     unused   attr    fill
----------------------  --------  ---------  --------  --------  ----  --------
  FLASH                 00000000   00040000  00003515  0003caeb  R  X
  SRAM                  20000000   00008000  000013c8  00006c38  RW X


SEGMENT ALLOCATION MAP

run origin  load origin   length   init length attrs members
----------  ----------- ---------- ----------- ----- -------
00000000    00000000    00003518   00003518    r-x
  00000000    00000000    0000026c   0000026c    r-- .intvecs
  0000026c    0000026c    00003118   00003118    r-x .text
  00003384    00003384    00000101   00000101    r-- .const
  00003488    00003488    00000090   00000090    r-- .cinit
20000000    20000000    000013c8   00000000    rw-
  20000000    20000000    00000800   00000000    rw- .stack
  20000800    20000800    00000800   00000000    rw- .sysmem
  20001000    20001000    000001e8   00000000    rw- .data
  200011e8    200011e8    000001e0   00000000    rw- .bss


SECTION ALLOCATION MAP

 output                                  attributes/
section   page    origin      length       input sections
--------  ----  ----------  ----------   ----------------
.intvecs   0    00000000    0000026c     
                  00000000    0000026c     tm4c123gh6pm_startup_ccs.obj (.intvecs)

.text      0    0000026c    00003118     
                  0000026c    00000a4e     rtsv7M4_T_le_v4SPD16_eabi.lib : _printfi.c.obj (.text:__TI_printfi)
                  00000cba    00000002                                   : _lock.c.obj (.text:_nop)
                  00000cbc    000005d4     utils.obj (.text)
                  00001290    00000270     rtsv7M4_T_le_v4SPD16_eabi.lib : _printfi.c.obj (.text:_pconv_a)
                  00001500    000001d0                                   : _printfi.c.obj (.text:_pconv_g)
                  000016d0    000001b6                                   : fd_add_t2.asm.obj (.text)
                  00001886    00000002                                   : div0.asm.obj (.text)
                  00001888    0000013c                                   : _printfi.c.obj (.text:_pconv_e)
                  000019c4    00000136                                   : fd_div_t2.asm.obj (.text)
                  00001afa    00000002     --HOLE-- [fill = 0]
                  00001afc    00000124                                   : _printfi.c.obj (.text:fcvt)
                  00001c20    00000114                                   : fputs.c.obj (.text:fputs)
                  00001d34    00000110                                   : s_scalbn.c.obj (.text:scalbn)
                  00001e44    00000100                                   : memory.c.obj (.text:aligned_alloc)
                  00001f44    000000fc                                   : fd_mul_t2.asm.obj (.text)
                  00002040    000000f8                                   : s_ceil.c.obj (.text:ceil)
                  00002138    000000e4                                   : memory.c.obj (.text:free)
                  0000221c    000000dc                                   : setvbuf.c.obj (.text:setvbuf)
                  000022f8    000000b1                                   : _printfi.c.obj (.text:_ltostr)
                  000023a9    00000001     --HOLE-- [fill = 0]
                  000023aa    0000009c                                   : memcpy_t2.asm.obj (.text)
                  00002446    00000096                                   : ull_div_t2.asm.obj (.text)
                  000024dc    0000008c                                   : fputc.c.obj (.text:fputc)
                  00002568    00000086                                   : fd_cmp_t2.asm.obj (.text:__aeabi_cdcmple)
                  000025ee    00000086                                   : fd_cmp_t2.asm.obj (.text:__aeabi_cdrcmple)
                  00002674    0000007a                                   : memset_t2.asm.obj (.text)
                  000026ee    00000002     --HOLE-- [fill = 0]
                  000026f0    00000074                                   : fclose.c.obj (.text:__TI_closefile)
                  00002764    00000070                                   : memory.c.obj (.text:split)
                  000027d4    0000006e                                   : _printfi.c.obj (.text:_mcpy)
                  00002842    00000002     --HOLE-- [fill = 0]
                  00002844    0000006c                                   : hostrename.c.obj (.text:HOSTrename)
                  000028b0    00000068                                   : hostlseek.c.obj (.text:HOSTlseek)
                  00002918    00000068                                   : copy_decompress_lzss.c.obj (.text:decompress:lzss:__TI_decompress_lzss)
                  00002980    00000068                                   : printf.c.obj (.text:printf)
                  000029e8    00000064                                   : s_frexp.c.obj (.text:frexp)
                  00002a4c    00000064                                   : fseek.c.obj (.text:fseek)
                  00002ab0    00000062                                   : _io_perm.c.obj (.text:__TI_wrt_ok)
                  00002b12    00000002     --HOLE-- [fill = 0]
                  00002b14    00000060                                   : hostopen.c.obj (.text:HOSTopen)
                  00002b74    0000005c                                   : close.c.obj (.text:close)
                  00002bd0    00000058                                   : hostread.c.obj (.text:HOSTread)
                  00002c28    00000058                                   : hostwrite.c.obj (.text:HOSTwrite)
                  00002c80    00000056                                   : _printfi.c.obj (.text:_pconv_f)
                  00002cd6    00000054                                   : _ltoa.c.obj (.text:__TI_ltoa)
                  00002d2a    00000052                                   : _printfi.c.obj (.text:_ecpy)
                  00002d7c    0000004c                                   : fflush.c.obj (.text:__TI_doflush)
                  00002dc8    0000004c                                   : atoi.c.obj (.text:atoi)
                  00002e14    00000048                                   : exit.c.obj (.text:exit)
                  00002e5c    00000048                                   : fd_toi_t2.asm.obj (.text)
                  00002ea4    00000044                                   : hostclose.c.obj (.text:HOSTclose)
                  00002ee8    00000044                                   : hostunlink.c.obj (.text:HOSTunlink)
                  00002f2c    00000044                                   : autoinit.c.obj (.text:__TI_auto_init_nobinit_nopinit:__TI_auto_init_nobinit_nopinit)
                  00002f70    00000044                                   : getdevice.c.obj (.text:getdevice)
                  00002fb4    0000003e                                   : _printfi.c.obj (.text:_fcpy)
                  00002ff2    00000002     --HOLE-- [fill = 0]
                  00002ff4    00000038                                   : trgmsg.c.obj (.text:__TI_writemsg)
                  0000302c    00000036                                   : strncpy.c.obj (.text:strncpy)
                  00003062    00000002     --HOLE-- [fill = 0]
                  00003064    00000034                                   : fopen.c.obj (.text:__TI_cleanup)
                  00003098    00000034                                   : trgmsg.c.obj (.text:__TI_readmsg)
                  000030cc    00000034                                   : boot_cortex_m.c.obj (.text:_c_int00_noargs:_c_int00_noargs)
                  00003100    00000030                                   : getdevice.c.obj (.text:finddevice)
                  00003130    00000030     main.obj (.text)
                  00003160    0000002e     rtsv7M4_T_le_v4SPD16_eabi.lib : i_tofd_t2.asm.obj (.text)
                  0000318e    00000002     --HOLE-- [fill = 0]
                  00003190    0000002c                                   : unlink.c.obj (.text:unlink)
                  000031bc    00000028                                   : memory.c.obj (.text:free_list_insert)
                  000031e4    00000028                                   : lseek.c.obj (.text:lseek)
                  0000320c    00000028                                   : write.c.obj (.text:write)
                  00003234    00000020                                   : memchr.c.obj (.text:memchr)
                  00003254    00000020                                   : u_tofd_t2.asm.obj (.text)
                  00003274    0000001c                                   : copy_zero_init.c.obj (.text:decompress:ZI:__TI_zero_init_nomemset:__TI_zero_init_nomemset)
                  00003290    0000001c                                   : memory.c.obj (.text:free_list_remove)
                  000032ac    0000001c                                   : memccpy.c.obj (.text:memccpy)
                  000032c8    0000001a                                   : s_copysign.c.obj (.text:copysign)
                  000032e2    00000018                                   : strcmp.c.obj (.text:strcmp)
                  000032fa    00000016                                   : strchr.c.obj (.text:strchr)
                  00003310    00000014                                   : strcpy.c.obj (.text:strcpy)
                  00003324    00000014                                   : strlen.c.obj (.text:strlen)
                  00003338    00000012                                   : wcslen.c.obj (.text:wcslen)
                  0000334a    0000000e                                   : copy_decompress_none.c.obj (.text:decompress:none:__TI_decompress_none)
                  00003358    0000000c     tm4c123gh6pm_startup_ccs.obj (.text)
                  00003364    00000008     rtsv7M4_T_le_v4SPD16_eabi.lib : errno.c.obj (.text:__aeabi_errno_addr)
                  0000336c    00000008                                   : memory.c.obj (.text:malloc)
                  00003374    00000004                                   : printf.c.obj (.text:_outc)
                  00003378    00000004                                   : printf.c.obj (.text:_outs)
                  0000337c    00000004                                   : pre_init.c.obj (.text:_system_pre_init)
                  00003380    00000004                                   : exit.c.obj (.text:abort:abort)

.const     0    00003384    00000101     
                  00003384    00000101     rtsv7M4_T_le_v4SPD16_eabi.lib : ctype.c.obj (.const:.string:_ctypes_)

.cinit     0    00003488    00000090     
                  00003488    00000068     (.cinit..data.load) [load image, compression = lzss]
                  000034f0    0000000c     (__TI_handler_table)
                  000034fc    00000004     --HOLE-- [fill = 0]
                  00003500    00000008     (.cinit..bss.load) [load image, compression = zero_init]
                  00003508    00000010     (__TI_cinit_table)

.init_array 
*          0    00000000    00000000     UNINITIALIZED

.stack     0    20000000    00000800     UNINITIALIZED
                  20000000    00000004     rtsv7M4_T_le_v4SPD16_eabi.lib : boot_cortex_m.c.obj (.stack)
                  20000004    000007fc     --HOLE--

.sysmem    0    20000800    00000800     UNINITIALIZED
                  20000800    00000010     rtsv7M4_T_le_v4SPD16_eabi.lib : memory.c.obj (.sysmem)
                  20000810    000007f0     --HOLE--

.data      0    20001000    000001e8     UNINITIALIZED
                  20001000    000000f0     rtsv7M4_T_le_v4SPD16_eabi.lib : defs.c.obj (.data:_ftable)
                  200010f0    00000078                                   : host_device.c.obj (.data:_device)
                  20001168    00000050                                   : host_device.c.obj (.data:_stream)
                  200011b8    00000010                                   : defs.c.obj (.data)
                  200011c8    0000000c                                   : exit.c.obj (.data:$O1$$)
                  200011d4    00000008                                   : _lock.c.obj (.data:$O1$$)
                  200011dc    00000008                                   : memory.c.obj (.data:$O1$$)
                  200011e4    00000004                                   : errno.c.obj (.data)

.bss       0    200011e8    000001e0     UNINITIALIZED
                  200011e8    00000120     rtsv7M4_T_le_v4SPD16_eabi.lib : trgmsg.c.obj (.bss:_CIOBUF_)
                  20001308    000000a0     (.common:__TI_tmpnams)
                  200013a8    00000008     (.common:parmbuf)
                  200013b0    00000004     (.common:ADC_Sample)
                  200013b4    00000004     (.common:edge_cnt)
                  200013b8    00000004     (.common:pulse_width)
                  200013bc    00000004     (.common:setting)
                  200013c0    00000004     (.common:timer_value1)
                  200013c4    00000004     (.common:timer_value2)

__llvm_prf_cnts 
*          0    20000000    00000000     UNINITIALIZED

MODULE SUMMARY

       Module                         code    ro data   rw data
       ------                         ----    -------   -------
    ./
       utils.obj                      1492    0         24     
       tm4c123gh6pm_startup_ccs.obj   12      620       0      
       main.obj                       48      0         0      
    +--+------------------------------+-------+---------+---------+
       Total:                         1552    620       24     
                                                               
    /Applications/ti/ccs1011/ccs/tools/compiler/ti-cgt-arm_20.2.5.LTS/lib/rtsv7M4_T_le_v4SPD16_eabi.lib
       _printfi.c.obj                 4851    0         0      
       memory.c.obj                   672     0         8      
       fd_add_t2.asm.obj              438     0         0      
       defs.c.obj                     0       0         416    
       trgmsg.c.obj                   108     0         288    
       fd_div_t2.asm.obj              310     0         0      
       fputs.c.obj                    276     0         0      
       s_scalbn.c.obj                 272     0         0      
       fd_cmp_t2.asm.obj              268     0         0      
       ctype.c.obj                    0       257       0      
       fd_mul_t2.asm.obj              252     0         0      
       s_ceil.c.obj                   248     0         0      
       setvbuf.c.obj                  220     0         0      
       host_device.c.obj              0       0         200    
       memcpy_t2.asm.obj              156     0         0      
       ull_div_t2.asm.obj             150     0         0      
       fputc.c.obj                    140     0         0      
       memset_t2.asm.obj              122     0         0      
       fclose.c.obj                   116     0         0      
       getdevice.c.obj                116     0         0      
       printf.c.obj                   112     0         0      
       hostrename.c.obj               108     0         0      
       copy_decompress_lzss.c.obj     104     0         0      
       hostlseek.c.obj                104     0         0      
       hostopen.c.obj                 96      0         8      
       fseek.c.obj                    100     0         0      
       s_frexp.c.obj                  100     0         0      
       _io_perm.c.obj                 98      0         0      
       close.c.obj                    92      0         0      
       exit.c.obj                     76      0         12     
       hostread.c.obj                 88      0         0      
       hostwrite.c.obj                88      0         0      
       _ltoa.c.obj                    84      0         0      
       atoi.c.obj                     76      0         0      
       fflush.c.obj                   76      0         0      
       fd_toi_t2.asm.obj              72      0         0      
       autoinit.c.obj                 68      0         0      
       hostclose.c.obj                68      0         0      
       hostunlink.c.obj               68      0         0      
       strncpy.c.obj                  54      0         0      
       boot_cortex_m.c.obj            52      0         0      
       fopen.c.obj                    52      0         0      
       i_tofd_t2.asm.obj              46      0         0      
       unlink.c.obj                   44      0         0      
       lseek.c.obj                    40      0         0      
       write.c.obj                    40      0         0      
       memchr.c.obj                   32      0         0      
       u_tofd_t2.asm.obj              32      0         0      
       copy_zero_init.c.obj           28      0         0      
       memccpy.c.obj                  28      0         0      
       s_copysign.c.obj               26      0         0      
       strcmp.c.obj                   24      0         0      
       strchr.c.obj                   22      0         0      
       strcpy.c.obj                   20      0         0      
       strlen.c.obj                   20      0         0      
       wcslen.c.obj                   18      0         0      
       copy_decompress_none.c.obj     14      0         0      
       errno.c.obj                    8       0         4      
       _lock.c.obj                    2       0         8      
       pre_init.c.obj                 4       0         0      
       div0.asm.obj                   2       0         0      
    +--+------------------------------+-------+---------+---------+
       Total:                         11001   257       944    
                                                               
       Heap:                          0       0         2048   
       Stack:                         0       0         2048   
       Linker Generated:              0       140       0      
    +--+------------------------------+-------+---------+---------+
       Grand Total:                   12553   1017      5064   


LINKER GENERATED COPY TABLES

__TI_cinit_table @ 00003508 records: 2, size/record: 8, table size: 16
	.data: load addr=00003488, load size=00000068 bytes, run addr=20001000, run size=000001e8 bytes, compression=lzss
	.bss: load addr=00003500, load size=00000008 bytes, run addr=200011e8, run size=000001e0 bytes, compression=zero_init


LINKER GENERATED HANDLER TABLE

__TI_handler_table @ 000034f0 records: 3, size/record: 4, table size: 12
	index: 0, handler: __TI_decompress_lzss
	index: 1, handler: __TI_decompress_none
	index: 2, handler: __TI_zero_init


GLOBAL SYMBOLS: SORTED ALPHABETICALLY BY Name 

address   name                           
-------   ----                           
0000118d  ADC0_InSeq3                    
200013b0  ADC_Sample                     
00003381  C$$EXIT                        
00003023  C$$IO$$                        
00000fbf  Config_ADC                     
00000f31  Config_Port_A                  
00000d7f  Config_Port_B                  
00000cc9  Config_Port_F                  
00000ffb  Config_SS                      
00000e7f  Config_SysTick_Int             
00000dc5  Config_Timer0A                 
00000e27  Config_Timer2A                 
00000cbd  Disable_Interrupts             
00000cc3  Enable_Interrupts              
00000eb3  GPIOPortF_Handler              
00002ea5  HOSTclose                      
000028b1  HOSTlseek                      
00002b15  HOSTopen                       
00002bd1  HOSTread                       
00002845  HOSTrename                     
00002ee9  HOSTunlink                     
00002c29  HOSTwrite                      
00003359  ResetISR                       
00001079  SysTick_Handler                
00000df5  Timer0A_delay                  
00001119  Timer2A_Handler                
200011e8  __CIOBUF_                      
20000800  __STACK_END                    
00000800  __STACK_SIZE                   
20000200  __STACK_TOP                    
00000800  __SYSMEM_SIZE                  
00003508  __TI_CINIT_Base                
00003518  __TI_CINIT_Limit               
000034f0  __TI_Handler_Table_Base        
000034fc  __TI_Handler_Table_Limit       
00002f2d  __TI_auto_init_nobinit_nopinit 
00003065  __TI_cleanup                   
200011c8  __TI_cleanup_ptr               
000026f1  __TI_closefile                 
00002919  __TI_decompress_lzss           
0000334b  __TI_decompress_none           
00002d7d  __TI_doflush                   
200011cc  __TI_dtors_ptr                 
200011d0  __TI_enable_exit_profile_output
200011b8  __TI_ft_end                    
00002cd7  __TI_ltoa                      
ffffffff  __TI_pprof_out_hndl            
0000026d  __TI_printfi                   
ffffffff  __TI_prof_data_size            
ffffffff  __TI_prof_data_start           
00003099  __TI_readmsg                   
00000000  __TI_static_base__             
20001308  __TI_tmpnams                   
00002ff5  __TI_writemsg                  
00002ab1  __TI_wrt_ok                    
00003275  __TI_zero_init_nomemset        
00002569  __aeabi_cdcmpeq                
00002569  __aeabi_cdcmple                
000025ef  __aeabi_cdrcmple               
00002e5d  __aeabi_d2iz                   
000016db  __aeabi_dadd                   
000019c5  __aeabi_ddiv                   
00001f45  __aeabi_dmul                   
000016d1  __aeabi_dsub                   
00003365  __aeabi_errno_addr             
00003161  __aeabi_i2d                    
00001887  __aeabi_idiv0                  
00001887  __aeabi_ldiv0                  
00002675  __aeabi_memclr                 
00002675  __aeabi_memclr4                
00002675  __aeabi_memclr8                
000023ab  __aeabi_memcpy                 
000023ab  __aeabi_memcpy4                
000023ab  __aeabi_memcpy8                
00002677  __aeabi_memset                 
00002677  __aeabi_memset4                
00002677  __aeabi_memset8                
200011c4  __aeabi_stderr                 
200011bc  __aeabi_stdin                  
200011c0  __aeabi_stdout                 
00003255  __aeabi_ui2d                   
00002447  __aeabi_uldivmod               
ffffffff  __binit__                      
ffffffff  __c_args__                     
UNDEFED   __mpu_init                     
20000000  __stack                        
20000000  __start___llvm_prf_cnts        
20000000  __stop___llvm_prf_cnts         
000030cd  _c_int00_noargs                
00003384  _ctypes_                       
200010f0  _device                        
20001000  _ftable                        
200011d4  _lock                          
00000cbb  _nop                           
20001168  _stream                        
20000800  _sys_memory                    
UNDEFED   _system_post_cinit             
0000337d  _system_pre_init               
200011d8  _unlock                        
00003381  abort                          
000010a9  activate_Timer2A               
00001e45  aligned_alloc                  
00002dc9  atoi                           
ffffffff  binit                          
00002041  ceil                           
00002041  ceill                          
00002b75  close                          
00000f95  config_Port_B2                 
000032c9  copysign                       
000032c9  copysignl                      
200013b4  edge_cnt                       
200011e4  errno                          
00002e15  exit                           
00003101  finddevice                     
000024dd  fputc                          
00001c21  fputs                          
00002139  free                           
000029e9  frexp                          
000029e9  frexpl                         
00002a4d  fseek                          
00000000  g_pfnVectors                   
00002f71  getdevice                      
00001d35  ldexp                          
00001d35  ldexpl                         
000031e5  lseek                          
00003131  main                           
0000336d  malloc                         
00001e45  memalign                       
000032ad  memccpy                        
00003235  memchr                         
000023ab  memcpy                         
0000267d  memset                         
200013a8  parmbuf                        
00002981  printf                         
200013b8  pulse_width                    
000024dd  putc                           
00003191  remove                         
00001d35  scalbn                         
00001d35  scalbnl                        
200013bc  setting                        
0000221d  setvbuf                        
000032fb  strchr                         
000032e3  strcmp                         
00003311  strcpy                         
00003325  strlen                         
0000302d  strncpy                        
200013c0  timer_value1                   
200013c4  timer_value2                   
00003191  unlink                         
00003339  wcslen                         
0000320d  write                          


GLOBAL SYMBOLS: SORTED BY Symbol Address 

address   name                           
-------   ----                           
00000000  __TI_static_base__             
00000000  g_pfnVectors                   
0000026d  __TI_printfi                   
00000800  __STACK_SIZE                   
00000800  __SYSMEM_SIZE                  
00000cbb  _nop                           
00000cbd  Disable_Interrupts             
00000cc3  Enable_Interrupts              
00000cc9  Config_Port_F                  
00000d7f  Config_Port_B                  
00000dc5  Config_Timer0A                 
00000df5  Timer0A_delay                  
00000e27  Config_Timer2A                 
00000e7f  Config_SysTick_Int             
00000eb3  GPIOPortF_Handler              
00000f31  Config_Port_A                  
00000f95  config_Port_B2                 
00000fbf  Config_ADC                     
00000ffb  Config_SS                      
00001079  SysTick_Handler                
000010a9  activate_Timer2A               
00001119  Timer2A_Handler                
0000118d  ADC0_InSeq3                    
000016d1  __aeabi_dsub                   
000016db  __aeabi_dadd                   
00001887  __aeabi_idiv0                  
00001887  __aeabi_ldiv0                  
000019c5  __aeabi_ddiv                   
00001c21  fputs                          
00001d35  ldexp                          
00001d35  ldexpl                         
00001d35  scalbn                         
00001d35  scalbnl                        
00001e45  aligned_alloc                  
00001e45  memalign                       
00001f45  __aeabi_dmul                   
00002041  ceil                           
00002041  ceill                          
00002139  free                           
0000221d  setvbuf                        
000023ab  __aeabi_memcpy                 
000023ab  __aeabi_memcpy4                
000023ab  __aeabi_memcpy8                
000023ab  memcpy                         
00002447  __aeabi_uldivmod               
000024dd  fputc                          
000024dd  putc                           
00002569  __aeabi_cdcmpeq                
00002569  __aeabi_cdcmple                
000025ef  __aeabi_cdrcmple               
00002675  __aeabi_memclr                 
00002675  __aeabi_memclr4                
00002675  __aeabi_memclr8                
00002677  __aeabi_memset                 
00002677  __aeabi_memset4                
00002677  __aeabi_memset8                
0000267d  memset                         
000026f1  __TI_closefile                 
00002845  HOSTrename                     
000028b1  HOSTlseek                      
00002919  __TI_decompress_lzss           
00002981  printf                         
000029e9  frexp                          
000029e9  frexpl                         
00002a4d  fseek                          
00002ab1  __TI_wrt_ok                    
00002b15  HOSTopen                       
00002b75  close                          
00002bd1  HOSTread                       
00002c29  HOSTwrite                      
00002cd7  __TI_ltoa                      
00002d7d  __TI_doflush                   
00002dc9  atoi                           
00002e15  exit                           
00002e5d  __aeabi_d2iz                   
00002ea5  HOSTclose                      
00002ee9  HOSTunlink                     
00002f2d  __TI_auto_init_nobinit_nopinit 
00002f71  getdevice                      
00002ff5  __TI_writemsg                  
00003023  C$$IO$$                        
0000302d  strncpy                        
00003065  __TI_cleanup                   
00003099  __TI_readmsg                   
000030cd  _c_int00_noargs                
00003101  finddevice                     
00003131  main                           
00003161  __aeabi_i2d                    
00003191  remove                         
00003191  unlink                         
000031e5  lseek                          
0000320d  write                          
00003235  memchr                         
00003255  __aeabi_ui2d                   
00003275  __TI_zero_init_nomemset        
000032ad  memccpy                        
000032c9  copysign                       
000032c9  copysignl                      
000032e3  strcmp                         
000032fb  strchr                         
00003311  strcpy                         
00003325  strlen                         
00003339  wcslen                         
0000334b  __TI_decompress_none           
00003359  ResetISR                       
00003365  __aeabi_errno_addr             
0000336d  malloc                         
0000337d  _system_pre_init               
00003381  C$$EXIT                        
00003381  abort                          
00003384  _ctypes_                       
000034f0  __TI_Handler_Table_Base        
000034fc  __TI_Handler_Table_Limit       
00003508  __TI_CINIT_Base                
00003518  __TI_CINIT_Limit               
20000000  __stack                        
20000000  __start___llvm_prf_cnts        
20000000  __stop___llvm_prf_cnts         
20000200  __STACK_TOP                    
20000800  __STACK_END                    
20000800  _sys_memory                    
20001000  _ftable                        
200010f0  _device                        
20001168  _stream                        
200011b8  __TI_ft_end                    
200011bc  __aeabi_stdin                  
200011c0  __aeabi_stdout                 
200011c4  __aeabi_stderr                 
200011c8  __TI_cleanup_ptr               
200011cc  __TI_dtors_ptr                 
200011d0  __TI_enable_exit_profile_output
200011d4  _lock                          
200011d8  _unlock                        
200011e4  errno                          
200011e8  __CIOBUF_                      
20001308  __TI_tmpnams                   
200013a8  parmbuf                        
200013b0  ADC_Sample                     
200013b4  edge_cnt                       
200013b8  pulse_width                    
200013bc  setting                        
200013c0  timer_value1                   
200013c4  timer_value2                   
ffffffff  __TI_pprof_out_hndl            
ffffffff  __TI_prof_data_size            
ffffffff  __TI_prof_data_start           
ffffffff  __binit__                      
ffffffff  __c_args__                     
ffffffff  binit                          
UNDEFED   __mpu_init                     
UNDEFED   _system_post_cinit             

[151 symbols]
