******************************************************************************
                  TI ARM Linker Unix v20.2.5                   
******************************************************************************
>> Linked Fri Dec 10 13:34:55 2021

OUTPUT FILE NAME:   <461_lab5.out>
ENTRY POINT SYMBOL: "_c_int00_noinit_noargs"  address: 00000741


MEMORY CONFIGURATION

         name            origin    length      used     unused   attr    fill
----------------------  --------  ---------  --------  --------  ----  --------
  FLASH                 00000000   00040000  000007ac  0003f854  R  X
  SRAM                  20000000   00008000  00000800  00007800  RW X


SEGMENT ALLOCATION MAP

run origin  load origin   length   init length attrs members
----------  ----------- ---------- ----------- ----- -------
00000000    00000000    000007ac   000007ac    r-x
  00000000    00000000    0000026c   0000026c    r-- .intvecs
  0000026c    0000026c    00000540   00000540    r-x .text
20000000    20000000    00000800   00000000    rw-
  20000000    20000000    00000800   00000000    rw- .stack


SECTION ALLOCATION MAP

 output                                  attributes/
section   page    origin      length       input sections
--------  ----  ----------  ----------   ----------------
.intvecs   0    00000000    0000026c     
                  00000000    0000026c     tm4c123gh6pm_startup_ccs.obj (.intvecs)

.text      0    0000026c    00000540     
                  0000026c    000004d4     utils.obj (.text)
                  00000740    0000002c     rtsv7M4_T_le_v4SPD16_eabi.lib : boot_cortex_m.c.obj (.text:_c_int00_noinit_noargs:_c_int00_noinit_noargs)
                  0000076c    0000002c     main.obj (.text)
                  00000798    0000000c     tm4c123gh6pm_startup_ccs.obj (.text)
                  000007a4    00000004     rtsv7M4_T_le_v4SPD16_eabi.lib : pre_init.c.obj (.text:_system_pre_init)
                  000007a8    00000004                                   : exit.c.obj (.text:abort:abort)

.cinit     0    00000000    00000000     UNINITIALIZED

.init_array 
*          0    00000000    00000000     UNINITIALIZED

.stack     0    20000000    00000800     UNINITIALIZED
                  20000000    00000004     rtsv7M4_T_le_v4SPD16_eabi.lib : boot_cortex_m.c.obj (.stack)
                  20000004    000007fc     --HOLE--

__llvm_prf_cnts 
*          0    20000000    00000000     UNINITIALIZED

MODULE SUMMARY

       Module                         code   ro data   rw data
       ------                         ----   -------   -------
    ./
       utils.obj                      1236   0         0      
       tm4c123gh6pm_startup_ccs.obj   12     620       0      
       main.obj                       44     0         0      
    +--+------------------------------+------+---------+---------+
       Total:                         1292   620       0      
                                                              
    /Applications/ti/ccs1011/ccs/tools/compiler/ti-cgt-arm_20.2.5.LTS/lib/rtsv7M4_T_le_v4SPD16_eabi.lib
       boot_cortex_m.c.obj            44     0         0      
       exit.c.obj                     4      0         0      
       pre_init.c.obj                 4      0         0      
    +--+------------------------------+------+---------+---------+
       Total:                         52     0         0      
                                                              
       Stack:                         0      0         2048   
    +--+------------------------------+------+---------+---------+
       Grand Total:                   1344   620       2048   


GLOBAL SYMBOLS: SORTED ALPHABETICALLY BY Name 

address   name                   
-------   ----                   
00000319  ADC0_Init              
000007a9  C$$EXIT                
00000387  Config_Port_C          
000002dd  Config_Port_E          
000003d7  Config_Port_F          
00000659  Config_SysTick_Int     
00000279  Config_Timer0A         
0000048d  Config_Timer1A         
0000026d  Disable_Interrupts     
00000273  Enable_Interrupts      
000005df  Read_ADC               
00000799  ResetISR               
0000060f  SysTick_Handler        
000005f7  Timer0A_Handler        
000004bd  Timer1A_delay          
00000563  Turn_Motor_Bkwd        
000004ef  Turn_Motor_Fwd         
20000800  __STACK_END            
00000800  __STACK_SIZE           
20000200  __STACK_TOP            
ffffffff  __TI_pprof_out_hndl    
ffffffff  __TI_prof_data_size    
ffffffff  __TI_prof_data_start   
00000000  __TI_static_base__     
ffffffff  __binit__              
ffffffff  __c_args__             
UNDEFED   __mpu_init             
20000000  __stack                
20000000  __start___llvm_prf_cnts
20000000  __stop___llvm_prf_cnts 
00000741  _c_int00_noinit_noargs 
000007a5  _system_pre_init       
000007a9  abort                  
ffffffff  binit                  
00000000  g_pfnVectors           
0000076d  main                   


GLOBAL SYMBOLS: SORTED BY Symbol Address 

address   name                   
-------   ----                   
00000000  __TI_static_base__     
00000000  g_pfnVectors           
0000026d  Disable_Interrupts     
00000273  Enable_Interrupts      
00000279  Config_Timer0A         
000002dd  Config_Port_E          
00000319  ADC0_Init              
00000387  Config_Port_C          
000003d7  Config_Port_F          
0000048d  Config_Timer1A         
000004bd  Timer1A_delay          
000004ef  Turn_Motor_Fwd         
00000563  Turn_Motor_Bkwd        
000005df  Read_ADC               
000005f7  Timer0A_Handler        
0000060f  SysTick_Handler        
00000659  Config_SysTick_Int     
00000741  _c_int00_noinit_noargs 
0000076d  main                   
00000799  ResetISR               
000007a5  _system_pre_init       
000007a9  C$$EXIT                
000007a9  abort                  
00000800  __STACK_SIZE           
20000000  __stack                
20000000  __start___llvm_prf_cnts
20000000  __stop___llvm_prf_cnts 
20000200  __STACK_TOP            
20000800  __STACK_END            
ffffffff  __TI_pprof_out_hndl    
ffffffff  __TI_prof_data_size    
ffffffff  __TI_prof_data_start   
ffffffff  __binit__              
ffffffff  __c_args__             
ffffffff  binit                  
UNDEFED   __mpu_init             

[36 symbols]
